// Jest Snapshot v1, https://goo.gl/fbAQLP

exports[`renders homepage unchanged 1`] = `
<div>
  <h2>
    Home
  </h2>
  <main>
    Nest JS playaround
  </main>
</div>
`;
